<html>
<body>
<pre>
<h1>µVision Build Log</h1>
<h2>Project:</h2>
D:\IV_MC\EX_10_DCMOTOR\dcmotor.uvproj
Project File Date:  08/27/2022

<h2>Output:</h2>
Build target 'Target 1'
assembling Startup.s...
compiling dc_motor.c...
dc_motor.c(29): warning:  #1-D: last line of file ends without a newline
  }
dc_motor.c: 1 warning, 0 errors
linking...
Program Size: Code=744 RO-data=32 RW-data=4 ZI-data=1164  
FromELF: creating hex file...
".\dcmotor.axf" - 0 Error(s), 1 Warning(s).
</pre>
</body>
</html>
