<html>
<body>
<pre>
<h1>µVision Build Log</h1>
<h2>Project:</h2>
D:\IV_MC\EX_13\square.uvproj
Project File Date:  08/31/2022

<h2>Output:</h2>
Build target 'Target 1'
compiling square.c...
square.c(3): warning:  #1295-D: Deprecated declaration delay - give arg types
  void delay();
square.c(22): warning:  #1-D: last line of file ends without a newline
  }
square.c: 2 warnings, 0 errors
linking...
Program Size: Code=504 RO-data=16 RW-data=0 ZI-data=1160  
FromELF: creating hex file...
".\square.axf" - 0 Error(s), 2 Warning(s).
</pre>
</body>
</html>
