<html>
<body>
<pre>
<h1>µVision Build Log</h1>
<h2>Project:</h2>
D:\IV_MC\EX_4\add_array.uvproj
Project File Date:  08/25/2022

<h2>Output:</h2>
Build target 'Target 1'
linking...
Program Size: Code=64 RO-data=0 RW-data=4 ZI-data=0  
".\add_array.axf" - 0 Error(s), 0 Warning(s).
</pre>
</body>
</html>
_array.axf: Error: L6411E: No compatible library exists with a definition of startup symbol __main.
Not enough information to list image symbols.
Not enough information to list the image map.
Finished: 2 information, 1 warning and 1 error messages.
".\add_array.axf" - 1 Error(s), 1 Warning(s).
Target not created
ing(s).
Target not created
