<html>
<body>
<pre>
<h1>µVision Build Log</h1>
<h2>Project:</h2>
D:\IV_MC\EX_9_HelloWorld\Hello.uvproj
Project File Date:  08/20/2022

<h2>Output:</h2>
Build target 'Target 1'
linking...
Program Size: Code=692 RO-data=32 RW-data=4 ZI-data=1164  
FromELF: creating hex file...
".\Hello.axf" - 0 Error(s), 0 Warning(s).
</pre>
</body>
</html>
692 RO-data=32 RW-data=4 ZI-data=1164  
FromELF: creating hex file...
".\Hello.axf" - 0 Error(s), 1 Warning(s).
 symbols.
Finished: 1 information, 0 warning and 1 error messages.
".\Hello.axf" - 1 Error(s), 1 Warning(s).
Target not created
